---
http_interactions:
- request:
    method: post
    uri: https://coolpay.herokuapp.com/api/login
    body:
      encoding: UTF-8
      string: '{"username":"Yann1","apikey":"6C5BC43B473975B8"}'
    headers:
      User-Agent:
      - Faraday v0.12.2
      Content-Type:
      - application/json
      Accept-Encoding:
      - gzip;q=1.0,deflate;q=0.6,identity;q=0.3
      Accept:
      - "*/*"
  response:
    status:
      code: 200
      message: OK
    headers:
      Connection:
      - keep-alive
      Server:
      - Cowboy
      Date:
      - Tue, 21 Aug 2018 21:03:43 GMT
      Content-Length:
      - '48'
      Content-Type:
      - application/json; charset=utf-8
      Cache-Control:
      - max-age=0, private, must-revalidate
      Strict-Transport-Security:
      - max-age=31536000
      X-Request-Id:
      - e59c856e-c6d5-4683-b0f8-7e0106ff0738
      Via:
      - 1.1 vegur
    body:
      encoding: UTF-8
      string: '{"token":"e63fe48f-9644-44a7-9632-6d0752df747e"}'
    http_version: 
  recorded_at: Tue, 21 Aug 2018 21:03:44 GMT
- request:
    method: get
    uri: https://coolpay.herokuapp.com/api/recipients
    body:
      encoding: US-ASCII
      string: ''
    headers:
      User-Agent:
      - Faraday v0.12.2
      Content-Type:
      - application/json
      Authorization:
      - api_token
      Accept-Encoding:
      - gzip;q=1.0,deflate;q=0.6,identity;q=0.3
      Accept:
      - "*/*"
  response:
    status:
      code: 200
      message: OK
    headers:
      Connection:
      - keep-alive
      Server:
      - Cowboy
      Date:
      - Tue, 21 Aug 2018 21:03:43 GMT
      Content-Length:
      - '144'
      Content-Type:
      - application/json; charset=utf-8
      Cache-Control:
      - max-age=0, private, must-revalidate
      Strict-Transport-Security:
      - max-age=31536000
      X-Request-Id:
      - 5d3c4fdf-b18f-45ef-97ce-40222bea2c34
      Via:
      - 1.1 vegur
    body:
      encoding: UTF-8
      string: '{"recipients":[{"name":"John Doe","id":"df6cfea5-76a2-426e-af12-715e3dc6c0a8"},{"name":"John
        Doe","id":"8cc574c3-3350-4c15-a464-8a953f5a231e"}]}'
    http_version: 
  recorded_at: Tue, 21 Aug 2018 21:03:44 GMT
- request:
    method: get
    uri: https://coolpay.herokuapp.com/api/recipients
    body:
      encoding: US-ASCII
      string: ''
    headers:
      User-Agent:
      - Faraday v0.12.2
      Content-Type:
      - application/json
      Authorization:
      - api_token
      Accept-Encoding:
      - gzip;q=1.0,deflate;q=0.6,identity;q=0.3
      Accept:
      - "*/*"
  response:
    status:
      code: 200
      message: OK
    headers:
      Connection:
      - keep-alive
      Server:
      - Cowboy
      Date:
      - Tue, 21 Aug 2018 21:03:43 GMT
      Content-Length:
      - '144'
      Content-Type:
      - application/json; charset=utf-8
      Cache-Control:
      - max-age=0, private, must-revalidate
      Strict-Transport-Security:
      - max-age=31536000
      X-Request-Id:
      - 1ef0c417-036c-45a3-a6e2-54f868b04620
      Via:
      - 1.1 vegur
    body:
      encoding: UTF-8
      string: '{"recipients":[{"name":"John Doe","id":"df6cfea5-76a2-426e-af12-715e3dc6c0a8"},{"name":"John
        Doe","id":"8cc574c3-3350-4c15-a464-8a953f5a231e"}]}'
    http_version: 
  recorded_at: Tue, 21 Aug 2018 21:03:44 GMT
recorded_with: VCR 4.0.0
